"BUILD_START" 
The system cannot accept the time entered.
Enter the new time: The system cannot accept the time entered.
Enter the new time: 
